type octile
height 31
width 31
map
@@@@@@@@@@@@@@@@@@@@@@@@@@@@@@@
@.............................@
@.............................@
@.............................@
@.............................@
@.............................@
@.............................@
@.............................@
@.............................@
@.............................@
@.............................@
@.............................@
@.............................@
@.............................@
@.............................@
@.............................@
@.............................@
@.............................@
@.............................@
@.............................@
@.............................@
@.............................@
@.............................@
@.............................@
@.............................@
@.............................@
@.............................@
@.............................@
@.............................@
@.............................@
@@@@@@@@@@@@@@@@@@@@@@@@@@@@@@@
