type octile
height 31
width 31
map
@@@@@@@@@@@@@@@@@@@@@@@@@@@@@@@
@.S.S.S.S.S.S.S.S.S.S.S.S.S.S.@
@S.S.S.S.S.S.S.S.S.S.S.S.S.S.S@
@.S.S.S.S.S.S.S.S.S.S.S.S.S.S.@
@S.S.S.S.S.S.S.S.S.S.S.S.S.S.S@
@.S.S.S.S.S.S.S.S.S.S.S.S.S.S.@
@S.S.S.S.S.S.S.S.S.S.S.S.S.S.S@
@.S.S.S.S.S.S.S.S.S.S.S.S.S.S.@
@S.S.S.S.S.S.S.S.S.S.S.S.S.S.S@
@.S.S.S.S.S.S.S.S.S.S.S.S.S.S.@
@S.S.S.S.S.S.S.S.S.S.S.S.S.S.S@
@.S.S.S.S.S.S.S.S.S.S.S.S.S.S.@
@S.S.S.S.S.S.S.S.S.S.S.S.S.S.S@
@.S.S.S.S.S.S.S.S.S.S.S.S.S.S.@
@S.S.S.S.S.S.S.S.S.S.S.S.S.S.S@
@.S.S.S.S.S.S.S.S.S.S.S.S.S.S.@
@S.S.S.S.S.S.S.S.S.S.S.S.S.S.S@
@.S.S.S.S.S.S.S.S.S.S.S.S.S.S.@
@S.S.S.S.S.S.S.S.S.S.S.S.S.S.S@
@.S.S.S.S.S.S.S.S.S.S.S.S.S.S.@
@S.S.S.S.S.S.S.S.S.S.S.S.S.S.S@
@.S.S.S.S.S.S.S.S.S.S.S.S.S.S.@
@S.S.S.S.S.S.S.S.S.S.S.S.S.S.S@
@.S.S.S.S.S.S.S.S.S.S.S.S.S.S.@
@S.S.S.S.S.S.S.S.S.S.S.S.S.S.S@
@.S.S.S.S.S.S.S.S.S.S.S.S.S.S.@
@S.S.S.S.S.S.S.S.S.S.S.S.S.S.S@
@.S.S.S.S.S.S.S.S.S.S.S.S.S.S.@
@S.S.S.S.S.S.S.S.S.S.S.S.S.S.S@
@.S.S.S.S.S.S.S.S.S.S.S.S.S.S.@
@@@@@@@@@@@@@@@@@@@@@@@@@@@@@@@
